******************************************************************************
                  TI ARM Linker PC v5.2.9                      
******************************************************************************
>> Linked Tue Aug 08 19:29:48 2017

OUTPUT FILE NAME:   <acceller.out>
ENTRY POINT SYMBOL: "_c_int00"  address: 2000f5ed


MEMORY CONFIGURATION

         name            origin    length      used     unused   attr    fill
----------------------  --------  ---------  --------  --------  ----  --------
  SRAM_CODE             20004000   00013000  0000c988  00006678  RW X
  SRAM_DATA             20017000   00019000  0000365f  000159a1  RW X


SEGMENT ALLOCATION MAP

run origin  load origin   length   init length attrs members
----------  ----------- ---------- ----------- ----- -------
20004000    20004000    0000c988   0000c988    r-x
  20004000    20004000    00000400   00000400    r-- .intvecs
  20004400    20004400    0000bd38   0000bd38    r-x .text
  20010138    20010138    00000788   00000788    r-- .const
  200108c0    200108c0    000000c8   000000c8    r-- .cinit
20017000    20017000    00002660   00000000    rw-
  20017000    20017000    00002000   00000000    rw- .sysmem
  20019000    20019000    000003f7   00000000    rw- .bss
  200193f8    200193f8    00000268   00000000    rw- .data
2002f000    2002f000    00001000   00000000    rw-
  2002f000    2002f000    00001000   00000000    rw- .stack


SECTION ALLOCATION MAP

 output                                  attributes/
section   page    origin      length       input sections
--------  ----  ----------  ----------   ----------------
.intvecs   0    20004000    00000400     
                  20004000    00000400     startup_ccs.obj (.intvecs)

.init_array 
*          0    20004000    00000000     UNINITIALIZED

.text      0    20004400    0000bd38     
                  20004400    00001258     free_rtos.a : tasks.obj (.text)
                  20005658    0000123c     main.obj (.text)
                  20006894    000010e0     rtsv7M4_T_le_eabi.lib : _printfi.obj (.text)
                  20007974    00000b24     free_rtos.a : queue.obj (.text)
                  20008498    000005ec     simplelink.a : driver.obj (.text:_SlDrvMsgRead)
                  20008a84    00000480     rtsv7M4_T_le_eabi.lib : pow.obj (.text)
                  20008f04    0000045c     free_rtos.a : osi_freertos.obj (.text)
                  20009360    00000434     tmp006drv.obj (.text)
                  20009794    000003dc     rtsv7M4_T_le_eabi.lib : memory.obj (.text)
                  20009b70    00000394     gpio_if.obj (.text)
                  20009f04    000002e4     rtsv7M4_T_le_eabi.lib : xlog.obj (.text)
                  2000a1e8    00000290     i2c_if.obj (.text)
                  2000a478    00000290     uart_if.obj (.text)
                  2000a708    00000248     simplelink.a : driver.obj (.text:_SlDrvRxHdrRead)
                  2000a950    00000244                  : wlan.obj (.text:sl_WlanConnect)
                  2000ab94    000001fc     rtsv7M4_T_le_eabi.lib : xexp.obj (.text)
                  2000ad90    000001f4                           : ull_div_t2.obj (.text)
                  2000af84    000001ec     bma222drv.obj (.text)
                  2000b170    000001d0     simplelink.a : driver.obj (.text:_SlDrvReleasePoolObj)
                  2000b340    000001cc                  : driver.obj (.text:_SlDrvMsgWrite)
                  2000b50c    000001b6     rtsv7M4_T_le_eabi.lib : fd_add_t2.obj (.text)
                  2000b6c2    00000002     driverlib.a : interrupt.obj (.text:IntDefaultHandler)
                  2000b6c4    00000190     simplelink.a : driver.obj (.text:_SlDrvWaitForPoolObj)
                  2000b854    00000174                  : driver.obj (.text:_SlDrvDriverCBInit)
                  2000b9c8    00000170                  : driver.obj (.text:_SlFindAndSetActiveObj)
                  2000bb38    0000014c                  : cc_pal.obj (.text:spi_Open)
                  2000bc84    00000138                  : socket.obj (.text:sl_Accept)
                  2000bdbc    00000136     rtsv7M4_T_le_eabi.lib : fd_div_t2.obj (.text)
                  2000bef2    00000002     --HOLE-- [fill = 0]
                  2000bef4    00000134     driverlib.a : prcm.obj (.text:PRCMCC3200MCUInit)
                  2000c028    0000012a     free_rtos.a : list.obj (.text)
                  2000c152    00000002     --HOLE-- [fill = 0]
                  2000c154    00000128     simplelink.a : driver.obj (.text:_SlDrvDataReadOp)
                  2000c27c    00000114     rtsv7M4_T_le_eabi.lib : strtoul.obj (.text)
                  2000c390    00000110     free_rtos.a : port.obj (.text)
                  2000c4a0    00000110     rtsv7M4_T_le_eabi.lib : xdscale.obj (.text)
                  2000c5b0    00000108     simplelink.a : socket.obj (.text:sl_Connect)
                  2000c6b8    00000108                  : socket.obj (.text:sl_Send)
                  2000c7c0    00000104                  : driver.obj (.text:_SlDrvDataWriteOp)
                  2000c8c4    000000fe                  : netapp.obj (.text:_SlDrvNetAppEventHandler)
                  2000c9c2    000000fc     rtsv7M4_T_le_eabi.lib : fd_mul_t2.obj (.text)
                  2000cabe    000000fa                           : fs_add_t2.obj (.text)
                  2000cbb8    000000f4     simplelink.a : driver.obj (.text:_SlDrvDriverCBDeinit)
                  2000ccac    000000f0     driverlib.a : udma.obj (.text:uDMAChannelTransferSet)
                  2000cd9c    000000dc     simplelink.a : cc_pal.obj (.text:spi_Read)
                  2000ce78    000000d8                  : driver.obj (.text:_SlDrvClassifyRxMsg)
                  2000cf50    000000d4                  : device.obj (.text:sl_Stop)
                  2000d024    000000c8                  : netapp.obj (.text:_sl_HandleAsync_DnsGetHostByService)
                  2000d0ec    000000c0                  : driver.obj (.text:_SlRemoveFromList)
                  2000d1ac    000000c0     rtsv7M4_T_le_eabi.lib : xdint.obj (.text)
                  2000d26c    000000be                           : xdnorm.obj (.text)
                  2000d32a    00000002     --HOLE-- [fill = 0]
                  2000d32c    000000bc     simplelink.a : driver.obj (.text:_SlDrvMsgReadCmdCtx)
                  2000d3e8    000000bc                  : device.obj (.text:sl_Start)
                  2000d4a4    000000ba     free_rtos.a : portasm.obj (.text)
                  2000d55e    00000002     --HOLE-- [fill = 0]
                  2000d560    000000b8     simplelink.a : driver.obj (.text:_SlAsyncEventGenericHandler)
                  2000d618    000000b4                  : netapp.obj (.text:sl_NetAppMDNSRegisterUnregisterService)
                  2000d6cc    000000a8     driverlib.a : interrupt.obj (.text:IntDisable)
                  2000d774    000000a8                 : interrupt.obj (.text:IntEnable)
                  2000d81c    000000a0                 : spi.obj (.text:SPIConfigSetExpClk)
                  2000d8bc    0000009c     simplelink.a : driver.obj (.text:_SlDrvMsgReadSpawnCtx)
                  2000d958    0000009c     rtsv7M4_T_le_eabi.lib : memcpy_t2.obj (.text)
                  2000d9f4    0000009c     simplelink.a : device.obj (.text:sl_DevGet)
                  2000da90    00000094     driverlib.a : prcm.obj (.text:PRCMPeripheralClockGet)
                  2000db24    00000092     rtsv7M4_T_le_eabi.lib : fs_div_t2.obj (.text)
                  2000dbb6    00000002     --HOLE-- [fill = 0]
                  2000dbb8    0000008c     simplelink.a : cc_pal.obj (.text:SetupDMAReceive)
                  2000dc44    0000008c                  : cc_pal.obj (.text:SetupDMASend)
                  2000dcd0    0000008c                  : netapp.obj (.text:_sl_HandleAsync_DnsGetHostByName)
                  2000dd5c    0000008c                  : netapp.obj (.text:_sl_HandleAsync_PingResponse)
                  2000dde8    0000008c                  : cc_pal.obj (.text:spi_Write)
                  2000de74    00000088     driverlib.a : pin.obj (.text:PinConfigSet)
                  2000defc    00000088     rtsv7M4_T_le_eabi.lib : vsnprintf.obj (.text)
                  2000df84    00000088     simplelink.a : socket.obj (.text:sl_Bind)
                  2000e00c    00000086     rtsv7M4_T_le_eabi.lib : fd_cmp_t2.obj (.text:__aeabi_cdcmple)
                  2000e092    00000086                           : fd_cmp_t2.obj (.text:__aeabi_cdrcmple)
                  2000e118    00000084     driverlib.a : i2c.obj (.text:I2CMasterInitExpClk)
                  2000e19c    00000084     simplelink.a : cc_pal.obj (.text:NwpPowerOnPreamble)
                  2000e220    00000082     driverlib.a : gpio.obj (.text:GPIOIntTypeSet)
                  2000e2a2    00000002     --HOLE-- [fill = 0]
                  2000e2a4    00000080     simplelink.a : driver.obj (.text:_SlDrvCmdOp)
                  2000e324    00000080                  : cc_pal.obj (.text:spi_Read_CPU)
                  2000e3a4    00000080                  : cc_pal.obj (.text:spi_Write_CPU)
                  2000e424    0000007c                  : device.obj (.text:_sl_HandleAsync_InitComplete)
                  2000e4a0    0000007a     rtsv7M4_T_le_eabi.lib : fs_mul_t2.obj (.text)
                  2000e51a    0000007a                           : memset_t2.obj (.text)
                  2000e594    00000078     simplelink.a : socket.obj (.text:_sl_HandleAsync_Connect)
                  2000e60c    00000078                  : cc_pal.obj (.text:spi_Close)
                  2000e684    00000076     driverlib.a : uart.obj (.text:UARTConfigSetExpClk)
                  2000e6fa    00000002     --HOLE-- [fill = 0]
                  2000e6fc    00000074     pinmux.obj (.text)
                  2000e770    00000074     simplelink.a : socket.obj (.text:sl_Recv)
                  2000e7e4    0000006e     rtsv7M4_T_le_eabi.lib : fd_tos_t2.obj (.text)
                  2000e852    00000002     --HOLE-- [fill = 0]
                  2000e854    0000006c     simplelink.a : driver.obj (.text:_SlDrvCmdSend)
                  2000e8c0    0000006c     rtsv7M4_T_le_eabi.lib : autoinit.obj (.text)
                  2000e92c    0000006a                           : copy_decompress_rle.obj (.text)
                  2000e996    00000002     --HOLE-- [fill = 0]
                  2000e998    00000068     simplelink.a : netapp.obj (.text:_sl_NetAppSendTokenValue)
                  2000ea00    00000068                  : netcfg.obj (.text:sl_NetCfgSet)
                  2000ea68    00000068                  : socket.obj (.text:sl_SetSockOpt)
                  2000ead0    00000068                  : wlan.obj (.text:sl_WlanSet)
                  2000eb38    00000066     rtsv7M4_T_le_eabi.lib : xdunscal.obj (.text)
                  2000eb9e    00000002     --HOLE-- [fill = 0]
                  2000eba0    00000064     driverlib.a : udma.obj (.text:uDMAChannelAttributeDisable)
                  2000ec04    00000064                 : udma.obj (.text:uDMAChannelAttributeEnable)
                  2000ec68    00000060     simplelink.a : socket.obj (.text:_sl_HandleAsync_Accept)
                  2000ecc8    00000060     rtsv7M4_T_le_eabi.lib : sprintf.obj (.text)
                  2000ed28    00000060     simplelink.a : wlan.obj (.text:sl_WlanPolicySet)
                  2000ed88    0000005c                  : socket.obj (.text:sl_Socket)
                  2000ede4    00000058     driverlib.a : interrupt.obj (.text:IntPendClear)
                  2000ee3c    00000058                 : prcm.obj (.text:PRCMPeripheralReset)
                  2000ee94    00000054                 : interrupt.obj (.text:IntPrioritySet)
                  2000eee8    00000054     simplelink.a : socket.obj (.text:_sl_HandleAsync_Select)
                  2000ef3c    00000054     rtsv7M4_T_le_eabi.lib : ltoa.obj (.text)
                  2000ef90    00000054     simplelink.a : wlan.obj (.text:sl_WlanRxFilterSet)
                  2000efe4    00000050                  : device.obj (.text:_sl_HandleAsync_Stop)
                  2000f034    0000004c     driverlib.a : spi.obj (.text:SPIIntEnable)
                  2000f080    0000004c     simplelink.a : driver.obj (.text:_SlDrvProtectAsyncRespSetting)
                  2000f0cc    0000004c                  : driver.obj (.text:_SlDrvRxIrqHandler)
                  2000f118    0000004c                  : socket.obj (.text:_sl_BuildAddress)
                  2000f164    0000004c     rtsv7M4_T_le_eabi.lib : atoi.obj (.text)
                  2000f1b0    0000004c                           : cpy_tbl.obj (.text)
                  2000f1fc    0000004c     driverlib.a : udma.obj (.text:uDMAChannelAssign)
                  2000f248    00000048                 : spi.obj (.text:SPIIntClear)
                  2000f290    00000048     simplelink.a : driver.obj (.text:_SlDrvBasicCmd)
                  2000f2d8    00000048     rtsv7M4_T_le_eabi.lib : fd_toi_t2.obj (.text)
                  2000f320    00000046                           : ldexp.obj (.text)
                  2000f366    00000002     --HOLE-- [fill = 0]
                  2000f368    00000044     driverlib.a : spi.obj (.text:SPIDmaMaskGet)
                  2000f3ac    00000044     simplelink.a : cc_pal.obj (.text:cc_SetupTransfer)
                  2000f3f0    00000044     rtsv7M4_T_le_eabi.lib : exit.obj (.text)
                  2000f434    00000042     simplelink.a : socket.obj (.text:sl_Htonl)
                  2000f476    00000002     --HOLE-- [fill = 0]
                  2000f478    00000040     driverlib.a : pin.obj (.text:PinModeSet)
                  2000f4b8    00000040     rtsv7M4_T_le_eabi.lib : signal.obj (.text)
                  2000f4f8    00000040                           : strtok.obj (.text)
                  2000f538    0000003c     simplelink.a : netapp.obj (.text:CopyPingResultsToReport)
                  2000f574    0000003c     driverlib.a : prcm.obj (.text:PRCMPeripheralClkEnable)
                  2000f5b0    0000003c     simplelink.a : socket.obj (.text:_sl_TruncatePayloadByProtocol)
                  2000f5ec    0000003c     rtsv7M4_T_le_eabi.lib : boot.obj (.text)
                  2000f628    0000003c     simplelink.a : socket.obj (.text:sl_Htons)
                  2000f664    0000003c                  : socket.obj (.text:sl_Listen)
                  2000f6a0    0000003c     driverlib.a : udma.obj (.text:uDMAChannelControlSet)
                  2000f6dc    00000038     simplelink.a : cc_pal.obj (.text:NwpPowerOff)
                  2000f714    00000038     free_rtos.a : heap_3.obj (.text)
                  2000f74c    00000038     rtsv7M4_T_le_eabi.lib : fs_tod_t2.obj (.text)
                  2000f784    00000036     driverlib.a : gpio.obj (.text:GPIODirModeSet)
                  2000f7ba    00000036     simplelink.a : netapp.obj (.text:sl_NetAppMDNSUnRegisterService)
                  2000f7f0    00000034     driverlib.a : prcm.obj (.text:PRCMPeripheralStatusGet)
                  2000f824    00000034                 : spi.obj (.text:SPIFIFOLevelSet)
                  2000f858    00000034     rtsv7M4_T_le_eabi.lib : feraiseexcept.obj (.text)
                  2000f88c    00000030     driverlib.a : pin.obj (.text:PinTypeGPIO)
                  2000f8bc    00000030                 : uart.obj (.text:UARTDisable)
                  2000f8ec    00000030     simplelink.a : device.obj (.text:_SlDrvDeviceEventHandler)
                  2000f91c    00000030     rtsv7M4_T_le_eabi.lib : xferaise.obj (.text)
                  2000f94c    00000030     simplelink.a : socket.obj (.text:sl_Close)
                  2000f97c    00000030                  : wlan.obj (.text:sl_WlanProfileDel)
                  2000f9ac    00000030                  : wlan.obj (.text:sl_WlanSetMode)
                  2000f9dc    0000002e     rtsv7M4_T_le_eabi.lib : i_tofd_t2.obj (.text)
                  2000fa0a    0000002e                           : raise.obj (.text)
                  2000fa38    0000002c     simplelink.a : cc_pal.obj (.text:DmaSpiSwIntHandler)
                  2000fa64    0000002c     driverlib.a : i2c.obj (.text:I2CMasterErr)
                  2000fa90    0000002c     simplelink.a : cc_pal.obj (.text:NwpPowerOn)
                  2000fabc    0000002c     driverlib.a : prcm.obj (.text:PRCMSysResetCauseGet)
                  2000fae8    0000002a     rtsv7M4_T_le_eabi.lib : strspn.obj (.text)
                  2000fb12    00000002     --HOLE-- [fill = 0]
                  2000fb14    00000028     driverlib.a : prcm.obj (.text:PRCMPeripheralClkDisable)
                  2000fb3c    00000026     simplelink.a : cc_pal.obj (.text:NwpRegisterInterruptHandler)
                  2000fb62    00000002     --HOLE-- [fill = 0]
                  2000fb64    00000024     driverlib.a : interrupt.obj (.text:IntUnregister)
                  2000fb88    00000024                 : uart.obj (.text:UARTEnable)
                  2000fbac    00000024     simplelink.a : driver.obj (.text:_SlDrvProtectionObjLockWaitForever)
                  2000fbd0    00000024     rtsv7M4_T_le_eabi.lib : memmov.obj (.text)
                  2000fbf4    00000024                           : strcspn.obj (.text)
                  2000fc18    00000022     driverlib.a : i2c.obj (.text:I2CMasterSlaveAddrSet)
                  2000fc3a    00000022                 : spi.obj (.text:SPIReset)
                  2000fc5c    00000022                 : spi.obj (.text:SPIWordCountSet)
                  2000fc7e    00000022     rtsv7M4_T_le_eabi.lib : frexp.obj (.text)
                  2000fca0    00000020     driverlib.a : gpio.obj (.text:GPIOPinWrite)
                  2000fcc0    00000020                 : interrupt.obj (.text:IntRegister)
                  2000fce0    00000020     simplelink.a : driver.obj (.text:_SlDrvProtectionObjUnLock)
                  2000fd00    0000001e     driverlib.a : i2c.obj (.text:I2CMasterIntStatusEx)
                  2000fd1e    0000001e                 : uart.obj (.text:UARTCharPut)
                  2000fd3c    0000001e     simplelink.a : cc_pal.obj (.text:cc_UDMAChannelSelect)
                  2000fd5a    0000001c     driverlib.a : pin.obj (.text:PinTypeI2C)
                  2000fd76    0000001c                 : uart.obj (.text:UARTCharGetNonBlocking)
                  2000fd92    0000001c     simplelink.a : driver.obj (.text:_SlDrvObjLockWaitForever)
                  2000fdae    0000001c                  : driver.obj (.text:_SlDrvSyncObjWaitForever)
                  2000fdca    0000001c     rtsv7M4_T_le_eabi.lib : memccpy.obj (.text)
                  2000fde6    00000002     --HOLE-- [fill = 0]
                  2000fde8    0000001c     driverlib.a : udma.obj (.text:uDMAChannelEnable)
                  2000fe04    0000001a                 : gpio.obj (.text:GPIOIntEnable)
                  2000fe1e    0000001a                 : pin.obj (.text:PinTypeUART)
                  2000fe38    0000001a                 : spi.obj (.text:SPIDmaDisable)
                  2000fe52    0000001a                 : spi.obj (.text:SPIDmaEnable)
                  2000fe6c    0000001a                 : spi.obj (.text:SPIFIFODisable)
                  2000fe86    0000001a                 : spi.obj (.text:SPIFIFOEnable)
                  2000fea0    00000018                 : gpio.obj (.text:GPIOPinRead)
                  2000feb8    00000018                 : spi.obj (.text:SPICSDisable)
                  2000fed0    00000018                 : spi.obj (.text:SPICSEnable)
                  2000fee8    00000018                 : spi.obj (.text:SPIDisable)
                  2000ff00    00000018                 : spi.obj (.text:SPIEnable)
                  2000ff18    00000018                 : uart.obj (.text:UARTCharsAvail)
                  2000ff30    00000018     simplelink.a : driver.obj (.text:_SlDrvObjUnLock)
                  2000ff48    00000018                  : driver.obj (.text:_SlDrvSyncObjSignal)
                  2000ff60    00000018                  : device.obj (.text:_sl_GetStartResponseConvert)
                  2000ff78    00000018     rtsv7M4_T_le_eabi.lib : args_main.obj (.text)
                  2000ff90    00000016     driverlib.a : i2c.obj (.text:I2CMasterDataPut)
                  2000ffa6    00000016                 : i2c.obj (.text:I2CMasterEnable)
                  2000ffbc    00000016                 : prcm.obj (.text:PRCMHIBRegRead)
                  2000ffd2    00000016                 : prcm.obj (.text:PRCMHIBRegWrite)
                  2000ffe8    00000016     simplelink.a : driver.obj (.text:_SlDrvMemZero)
                  2000fffe    00000016     rtsv7M4_T_le_eabi.lib : strchr.obj (.text)
                  20010014    00000014     driverlib.a : cpu.obj (.text:CPUcpsie)
                  20010028    00000014                 : gpio.obj (.text:GPIOIntClear)
                  2001003c    00000014                 : interrupt.obj (.text:IntVTableBaseSet)
                  20010050    00000014     rtsv7M4_T_le_eabi.lib : _lock.obj (.text)
                  20010064    00000014                           : strlen.obj (.text)
                  20010078    00000012     driverlib.a : i2c.obj (.text:I2CMasterControl)
                  2001008a    00000012                 : i2c.obj (.text:I2CMasterIntClearEx)
                  2001009c    00000012                 : i2c.obj (.text:I2CMasterTimeoutSet)
                  200100ae    0000000e                 : i2c.obj (.text:I2CMasterDataGet)
                  200100bc    0000000e     simplelink.a : driver.obj (.text:_SlDrvResetCmdExt)
                  200100ca    0000000e     rtsv7M4_T_le_eabi.lib : copy_decompress_none.obj (.text:decompress:none)
                  200100d8    0000000e     startup_ccs.obj (.text)
                  200100e6    00000002     --HOLE-- [fill = 0]
                  200100e8    0000000c     simplelink.a : cc_pal.obj (.text:NwpMaskInterrupt)
                  200100f4    0000000c                  : cc_pal.obj (.text:NwpUnMaskInterrupt)
                  20010100    0000000c     rtsv7M4_T_le_eabi.lib : copy_zero_init.obj (.text:decompress:ZI)
                  2001010c    0000000c     simplelink.a : wlan.obj (.text:sl_WlanDisconnect)
                  20010118    0000000a     driverlib.a : interrupt.obj (.text:IntMasterEnable)
                  20010122    00000006                 : utils.obj (.text:UtilsDelay)
                  20010128    00000006     rtsv7M4_T_le_eabi.lib : copy_decompress_rle.obj (.text:decompress:rle24)
                  2001012e    00000006                           : log.obj (.text)
                  20010134    00000004                           : pre_init.obj (.text)

.const     0    20010138    00000788     
                  20010138    00000101     rtsv7M4_T_le_eabi.lib : ctype.obj (.const:.string:_ctypes_)
                  20010239    00000003     --HOLE-- [fill = 0]
                  2001023c    00000100     driverlib.a : pin.obj (.const:g_ulPinToPadMap)
                  2001033c    000000d4                 : interrupt.obj (.const:g_pulRegs)
                  20010410    000000b0     simplelink.a : wlan.obj (.const:$P$T0$1)
                  200104c0    000000a8     driverlib.a : prcm.obj (.const:PRCM_PeriphRegsList)
                  20010568    00000080                 : interrupt.obj (.const)
                  200105e8    00000048     rtsv7M4_T_le_eabi.lib : xexp.obj (.const)
                  20010630    0000003c     simplelink.a : driver.obj (.const:OpcodeTranslateTable)
                  2001066c    0000003c                  : wlan.obj (.const)
                  200106a8    00000038                  : driver.obj (.const:_SlActionLookupTable)
                  200106e0    00000038     rtsv7M4_T_le_eabi.lib : xlog.obj (.const:p)
                  20010718    00000034     simplelink.a : driver.obj (.const)
                  2001074c    00000034                  : socket.obj (.const)
                  20010780    00000030     rtsv7M4_T_le_eabi.lib : xdint.obj (.const)
                  200107b0    0000002c     main.obj (.const:$P$T3$4)
                  200107dc    0000002b     main.obj (.const:.string)
                  20010807    00000001     --HOLE-- [fill = 0]
                  20010808    00000028     simplelink.a : netapp.obj (.const)
                  20010830    00000022     main.obj (.const:.string:$P$T2$3)
                  20010852    00000002     --HOLE-- [fill = 0]
                  20010854    00000020     main.obj (.const)
                  20010874    00000018     driverlib.a : spi.obj (.const)
                  2001088c    00000014     simplelink.a : device.obj (.const)
                  200108a0    00000010                  : socket.obj (.const:.string)
                  200108b0    00000008                  : device.obj (.const:.string)
                  200108b8    00000008                  : netcfg.obj (.const)

.cinit     0    200108c0    000000c8     
                  200108c0    000000a3     (.cinit..data.load) [load image, compression = rle]
                  20010963    00000001     --HOLE-- [fill = 0]
                  20010964    0000000c     (__TI_handler_table)
                  20010970    00000008     (.cinit..bss.load) [load image, compression = zero_init]
                  20010978    00000010     (__TI_cinit_table)

.sysmem    0    20017000    00002000     UNINITIALIZED
                  20017000    00000008     rtsv7M4_T_le_eabi.lib : memory.obj (.sysmem)
                  20017008    00001ff8     --HOLE--

.bss       0    20019000    000003f7     UNINITIALIZED
                  20019000    00000178     simplelink.a : driver.obj (.bss:g_StatMem)
                  20019178    000000c8     free_rtos.a : tasks.obj (.bss:pxReadyTasksLists)
                  20019240    00000064     main.obj (.bss:g_cBsdBuf)
                  200192a4    00000050     simplelink.a : cc_pal.obj (.bss:g_ucDinDout)
                  200192f4    00000050     free_rtos.a : queue.obj (.bss:xQueueRegistry)
                  20019344    00000024     main.obj (.bss:g_ucConnectionSSID)
                  20019368    00000014     (.common:xDelayedTaskList1)
                  2001937c    00000014     (.common:xDelayedTaskList2)
                  20019390    00000014     (.common:xPendingReadyList)
                  200193a4    00000014     (.common:xSuspendedTaskList)
                  200193b8    00000014     (.common:xTasksWaitingTermination)
                  200193cc    00000008     (.common:g_ucConnectionBSSID)
                  200193d4    00000004     (.common:DMAMsgQ)
                  200193d8    00000004     (.common:__Errorlog)
                  200193dc    00000004     (.common:g_cDummy)
                  200193e0    00000004     (.common:g_sockID)
                  200193e4    00000004     (.common:g_temp)
                  200193e8    00000004     (.common:pxDelayedTaskList)
                  200193ec    00000004     (.common:pxOverflowDelayedTaskList)
                  200193f0    00000001     (.common:RxIrqCnt)
                  200193f1    00000001     (.common:g_cAccX)
                  200193f2    00000001     (.common:g_cAccY)
                  200193f3    00000001     (.common:g_cAccZ)
                  200193f4    00000001     (.common:g_ucLED1Pin)
                  200193f5    00000001     (.common:g_ucLED2Pin)
                  200193f6    00000001     (.common:g_ucLED3Pin)

.TI.noinit 
*          0    20019000    00000000     UNINITIALIZED

.data      0    200193f8    00000268     UNINITIALIZED
                  200193f8    000000b0     rtsv7M4_T_le_eabi.lib : signal.obj (.data:sigtable)
                  200194a8    00000080                           : xvalues.obj (.data)
                  20019528    00000068                           : xfvalues.obj (.data)
                  20019590    00000034     free_rtos.a : tasks.obj (.data)
                  200195c4    00000024     main.obj (.data)
                  200195e8    00000020     gpio_if.obj (.data)
                  20019608    0000000c     free_rtos.a : osi_freertos.obj (.data)
                  20019614    0000000c     rtsv7M4_T_le_eabi.lib : memory.obj (.data)
                  20019620    00000009     simplelink.a : cc_pal.obj (.data)
                  20019629    00000003     --HOLE--
                  2001962c    00000009                  : driver.obj (.data)
                  20019635    00000003     --HOLE--
                  20019638    00000008     rtsv7M4_T_le_eabi.lib : _lock.obj (.data)
                  20019640    00000008                           : exit.obj (.data)
                  20019648    00000008                           : feraiseexcept.obj (.data)
                  20019650    00000004     free_rtos.a : port.obj (.data)
                  20019654    00000004     rtsv7M4_T_le_eabi.lib : errno.obj (.data)
                  20019658    00000004                           : stkdepth_vars.obj (.data)
                  2001965c    00000004                           : strtok.obj (.data)

.TI.persistent 
*          0    200193f8    00000000     UNINITIALIZED

.stack     0    2002f000    00001000     UNINITIALIZED
                  2002f000    00001000     --HOLE--


LINKER GENERATED COPY TABLES

__TI_cinit_table @ 20010978 records: 2, size/record: 8, table size: 16
	.data: load addr=200108c0, load size=000000a3 bytes, run addr=200193f8, run size=00000268 bytes, compression=rle
	.bss: load addr=20010970, load size=00000008 bytes, run addr=20019000, run size=000003f7 bytes, compression=zero_init


LINKER GENERATED HANDLER TABLE

__TI_handler_table @ 20010964 records: 3, size/record: 4, table size: 12
	index: 0, handler: __TI_decompress_rle24
	index: 1, handler: __TI_decompress_none
	index: 2, handler: __TI_zero_init


GLOBAL SYMBOLS: SORTED ALPHABETICALLY BY Name 

address   name                                  
-------   ----                                  
2000b041  BMA222Close                           
2000b01f  BMA222Open                            
2000b045  BMA222Read                            
2000b0c1  BMA222ReadNew                         
2000afe9  BlockRead                             
20005b95  BsdTcpClient                          
20005d49  BsdTcpServer                          
2000f3f1  C$$EXIT                               
20010015  CPUcpsie                              
2000a4b9  ClearTerm                             
200065e9  CollectAcc                            
200065d3  CollectTmp                            
2000f539  CopyPingResultsToReport               
200193d4  DMAMsgQ                               
2000fa39  DmaSpiSwIntHandler                    
2000a4c3  Error                                 
2000f785  GPIODirModeSet                        
20010029  GPIOIntClear                          
2000fe05  GPIOIntEnable                         
2000e221  GPIOIntTypeSet                        
2000fea1  GPIOPinRead                           
2000fca1  GPIOPinWrite                          
20009e31  GPIO_IF_ConfigureNIntEnable           
20009ead  GPIO_IF_Get                           
20009deb  GPIO_IF_GetPortNPin                   
20009bad  GPIO_IF_LedConfigure                  
20009c9f  GPIO_IF_LedOff                        
20009beb  GPIO_IF_LedOn                         
20009d53  GPIO_IF_LedStatus                     
20009dbd  GPIO_IF_LedToggle                     
20009e73  GPIO_IF_Set                           
2000a4fb  GetCmd                                
2000af85  GetRegisterValue                      
20010079  I2CMasterControl                      
200100af  I2CMasterDataGet                      
2000ff91  I2CMasterDataPut                      
2000ffa7  I2CMasterEnable                       
2000fa65  I2CMasterErr                          
2000e119  I2CMasterInitExpClk                   
2001008b  I2CMasterIntClearEx                   
2000fd01  I2CMasterIntStatusEx                  
2000fc19  I2CMasterSlaveAddrSet                 
2001009d  I2CMasterTimeoutSet                   
2000a461  I2C_IF_Close                          
2000a419  I2C_IF_Open                           
2000a313  I2C_IF_Read                           
2000a3cf  I2C_IF_ReadFrom                       
2000a25d  I2C_IF_Write                          
2000a479  InitTerm                              
2000d6cd  IntDisable                            
2000d775  IntEnable                             
20010119  IntMasterEnable                       
2000ede5  IntPendClear                          
2000ee95  IntPrioritySet                        
2000fcc1  IntRegister                           
2000fb65  IntUnregister                         
2001003d  IntVTableBaseSet                      
20006399  IpAddressParser                       
2000a497  Message                               
200100e9  NwpMaskInterrupt                      
2000f6dd  NwpPowerOff                           
2000fa91  NwpPowerOn                            
2000e19d  NwpPowerOnPreamble                    
2000fb3d  NwpRegisterInterruptHandler           
200100f5  NwpUnMaskInterrupt                    
20010630  OpcodeTranslateTable                  
2000bef5  PRCMCC3200MCUInit                     
2000ffbd  PRCMHIBRegRead                        
2000ffd3  PRCMHIBRegWrite                       
2000fb15  PRCMPeripheralClkDisable              
2000f575  PRCMPeripheralClkEnable               
2000da91  PRCMPeripheralClockGet                
2000ee3d  PRCMPeripheralReset                   
2000f7f1  PRCMPeripheralStatusGet               
2000fabd  PRCMSysResetCauseGet                  
2000de75  PinConfigSet                          
2000f479  PinModeSet                            
2000e6fd  PinMuxConfig                          
2000f88d  PinTypeGPIO                           
2000fd5b  PinTypeI2C                            
2000fe1f  PinTypeUART                           
2000a649  Report                                
200100d9  ResetISR                              
200193f0  RxIrqCnt                              
20010728  RxMsgClassLUT                         
UNDEFED   SHT$$INIT_ARRAY$$Base                 
UNDEFED   SHT$$INIT_ARRAY$$Limit                
2000feb9  SPICSDisable                          
2000fed1  SPICSEnable                           
2000d81d  SPIConfigSetExpClk                    
2000fee9  SPIDisable                            
2000fe39  SPIDmaDisable                         
2000fe53  SPIDmaEnable                          
2000ff01  SPIEnable                             
2000fe6d  SPIFIFODisable                        
2000fe87  SPIFIFOEnable                         
2000f825  SPIFIFOLevelSet                       
2000f249  SPIIntClear                           
2000f035  SPIIntEnable                          
2000fc3b  SPIReset                              
2000fc5d  SPIWordCountSet                       
2000589d  SendThread                            
2000afaf  SetRegisterValue                      
20005839  SimpleLinkGeneralEventHandler         
20005811  SimpleLinkHttpServerCallback          
20005779  SimpleLinkNetAppEventHandler          
2000584f  SimpleLinkSockEventHandler            
20005671  SimpleLinkWlanEventHandler            
200108b0  StartResponseLUT                      
20009639  TMP006DrvGetTemp                      
200093a1  TMP006DrvOpen                         
2000a5b1  TrimSpace                             
2000fd77  UARTCharGetNonBlocking                
2000fd1f  UARTCharPut                           
2000ff19  UARTCharsAvail                        
2000e685  UARTConfigSetExpClk                   
2000f8bd  UARTDisable                           
2000fb89  UARTEnable                            
20010123  UtilsDelay                            
200091cd  VDeleteSimpleLinkSpawnTask            
2000917d  VStartSimpleLinkSpawnTask             
200064fb  WlanStationMode                       
200194a8  _Denorm                               
2000d1ad  _Dint                                 
2000d26d  _Dnorm                                
2000c4a1  _Dscale                               
2000eb39  _Dunscale                             
200194b8  _Eps                                  
20019654  _Errno                                
2000ab95  _Exp                                  
20019528  _FDenorm                              
20019538  _FEps                                 
20019548  _FInf                                 
20019558  _FNan                                 
20019578  _FRteps                               
20019568  _FSnan                                
20019588  _FXbig                                
2001958c  _FZero                                
20019648  _Fenv                                 
2000f91d  _Feraise                              
200194c8  _Hugeval                              
200194d8  _Inf                                  
20009f05  _Log                                  
200194e8  _Nan                                  
20019508  _Rteps                                
20010760  _SlAcceptCmdCtrl                      
200106a8  _SlActionLookupTable                  
2000d561  _SlAsyncEventGenericHandler           
20010898  _SlDeviceGetCmdCtrl                   
2001089c  _SlDeviceSetCmdCtrl                   
2000f291  _SlDrvBasicCmd                        
2000ce79  _SlDrvClassifyRxMsg                   
2000e2a5  _SlDrvCmdOp                           
2000e855  _SlDrvCmdSend                         
2000c155  _SlDrvDataReadOp                      
2000c7c1  _SlDrvDataWriteOp                     
2000f8ed  _SlDrvDeviceEventHandler              
2000cbb9  _SlDrvDriverCBDeinit                  
2000b855  _SlDrvDriverCBInit                    
2000ffe9  _SlDrvMemZero                         
20008499  _SlDrvMsgRead                         
2000d32d  _SlDrvMsgReadCmdCtx                   
2000d8bd  _SlDrvMsgReadSpawnCtx                 
2000b341  _SlDrvMsgWrite                        
2000c8c5  _SlDrvNetAppEventHandler              
2000fd93  _SlDrvObjLockWaitForever              
2000ff31  _SlDrvObjUnLock                       
2000f081  _SlDrvProtectAsyncRespSetting         
2000fbad  _SlDrvProtectionObjLockWaitForever    
2000fce1  _SlDrvProtectionObjUnLock             
2000b171  _SlDrvReleasePoolObj                  
200100bd  _SlDrvResetCmdExt                     
2000a709  _SlDrvRxHdrRead                       
2000f0cd  _SlDrvRxIrqHandler                    
2000ff49  _SlDrvSyncObjSignal                   
2000fdaf  _SlDrvSyncObjWaitForever              
2000b6c5  _SlDrvWaitForPoolObj                  
20010894  _SlEventMaskGetCmdCtrl                
20010890  _SlEventMaskSetCmdCtrl                
2000b9c9  _SlFindAndSetActiveObj                
2001081c  _SlGetHostByNameCtrl                  
20010818  _SlGetHostByServiceCtrl               
20010810  _SlGetServiceListeCtrl                
2001076c  _SlGetSockOptCmdCtrl                  
2001075c  _SlListenCmdCtrl                      
20010828  _SlNetAppGetCmdCtrl                   
20010824  _SlNetAppSendTokenValueCmdCtrl        
20010820  _SlNetAppSetCmdCtrl                   
20010808  _SlNetAppStartCtrl                    
2001080c  _SlNetAppStopCtrl                     
200108bc  _SlNetCfgGetCmdCtrl                   
200108b8  _SlNetCfgSetCmdCtrl                   
200108a0  _SlPayloadByProtocolLUT               
20010670  _SlPolicyGetCmdCtrl                   
2001066c  _SlPolicySetCmdCtrl                   
20010678  _SlProfileDelCmdCtrl                  
20010674  _SlProfileGetCmdCtrl                  
20010764  _SlRecvCmdCtrl                        
20010754  _SlRecvfomCmdCtrl                     
20010814  _SlRegisterServiceCtrl                
2000d0ed  _SlRemoveFromList                     
20010680  _SlRxFilterAddtCmdCtrl                
20010688  _SlRxFilterGetCmdCtrl                 
20010684  _SlRxFilterSetCmdCtrl                 
20010770  _SlSelectCmdCtrl                      
20010758  _SlSendCmdCtrl                        
20010768  _SlSetSockOptCmdCtrl                  
2001068c  _SlSmartConfigStartCmdCtrl            
20010750  _SlSockCloseCmdCtrl                   
2001074c  _SlSockSocketCmdCtrl                  
2001088c  _SlStopCmdCtrl                        
20010698  _SlWlanCfgGetCmdCtrl                  
20010694  _SlWlanCfgSetCmdCtrl                  
2001067c  _SlWlanGetNetworkListCtrl             
20010690  _SlWlanSetModeCmdCtrl                 
200194f8  _Snan                                 
2001964c  _Tls_setup__Fenv                      
20019518  _Xbig                                 
20019520  _Zero                                 
20030000  __STACK_END                           
00001000  __STACK_SIZE                          
00002000  __SYSMEM_SIZE                         
20010978  __TI_CINIT_Base                       
20010988  __TI_CINIT_Limit                      
20010964  __TI_Handler_Table_Base               
20010970  __TI_Handler_Table_Limit              
2000e8c1  __TI_auto_init                        
20019640  __TI_cleanup_ptr                      
200100cb  __TI_decompress_none                  
20010129  __TI_decompress_rle24                 
20019644  __TI_dtors_ptr                        
2000766b  __TI_printfi                          
200108c0  __TI_static_base__                    
20010101  __TI_zero_init                        
2000e00d  __aeabi_cdcmpeq                       
2000e00d  __aeabi_cdcmple                       
2000e093  __aeabi_cdrcmple                      
2000e7e5  __aeabi_d2f                           
2000f2d9  __aeabi_d2iz                          
2000b517  __aeabi_dadd                          
2000bdbd  __aeabi_ddiv                          
2000c9c3  __aeabi_dmul                          
2000b50d  __aeabi_dsub                          
2000f74d  __aeabi_f2d                           
2000cac3  __aeabi_fadd                          
2000db25  __aeabi_fdiv                          
2000e4a1  __aeabi_fmul                          
2000cabf  __aeabi_fsub                          
2000f9dd  __aeabi_i2d                           
2000e51b  __aeabi_memclr                        
2000e51b  __aeabi_memclr4                       
2000e51b  __aeabi_memclr8                       
2000d959  __aeabi_memcpy                        
2000d959  __aeabi_memcpy4                       
2000d959  __aeabi_memcpy8                       
2000e51d  __aeabi_memset                        
2000e51d  __aeabi_memset4                       
2000e51d  __aeabi_memset8                       
2000ad91  __aeabi_uldivmod                      
ffffffff  __binit__                             
ffffffff  __c_args__                            
2002f000  __stack                               
2000ff79  _args_main                            
2000f5ed  _c_int00                              
20010138  _ctypes_                              
20019638  _lock                                 
2001005f  _nop                                  
20010057  _register_lock                        
20010051  _register_unlock                      
2000f119  _sl_BuildAddress                      
2000ff61  _sl_GetStartResponseConvert           
2000ec69  _sl_HandleAsync_Accept                
2000e595  _sl_HandleAsync_Connect               
2000dcd1  _sl_HandleAsync_DnsGetHostByName      
2000d025  _sl_HandleAsync_DnsGetHostByService   
2000e425  _sl_HandleAsync_InitComplete          
2000dd5d  _sl_HandleAsync_PingResponse          
2000eee9  _sl_HandleAsync_Select                
2000efe5  _sl_HandleAsync_Stop                  
2000e999  _sl_NetAppSendTokenValue              
2000f5b1  _sl_TruncatePayloadByProtocol         
20017000  _sys_memory                           
20010135  _system_pre_init                      
2001963c  _unlock                               
2000f3f5  abort                                 
2000f165  atoi                                  
ffffffff  binit                                 
20009b3d  calloc                                
200195e4  connect_flag                          
2000f1b1  copy_in                               
20004691  eTaskGetState                         
2000f3fd  exit                                  
2000f859  feraiseexcept                         
2000988b  free                                  
2000fc7f  frexp                                 
20019634  gFirstCmdMode                         
20010720  g_H2NCnysPattern                      
20010718  g_H2NSyncPattern                      
20019620  g_SpiFd                               
20019000  g_StatMem                             
200193f1  g_cAccX                               
200193f2  g_cAccY                               
200193f3  g_cAccZ                               
20019240  g_cBsdBuf                             
200193dc  g_cDummy                              
2001962c  g_pCB                                 
20019624  g_pHostIntHdl                         
20004000  g_pfnVectors                          
200193e0  g_sockID                              
200193e4  g_temp                                
200193cc  g_ucConnectionBSSID                   
20019344  g_ucConnectionSSID                    
200195dc  g_ucConnectionStatus                  
20019628  g_ucDMAEnabled                        
200192a4  g_ucDinDout                           
200193f4  g_ucLED1Pin                           
200193f5  g_ucLED2Pin                           
200193f6  g_ucLED3Pin                           
200195dd  g_ucSimplelinkstarted                 
200195fc  g_uiLED1Port                          
20019600  g_uiLED2Port                          
20019604  g_uiLED3Port                          
200195d4  g_uiPortNum                           
200195d0  g_ulDestinationIp                     
200195cc  g_ulGatewayIP                         
200195e0  g_ulIpAddr                            
200195d8  g_ulPacketCount                       
200195c8  g_ulPingPacketsRecv                   
200195c4  g_ulStatus                            
2000f321  ldexp                                 
2001012f  log                                   
2000ef3d  ltoa                                  
20006615  main                                  
20019658  main_func_sp                          
20009823  malloc                                
200092d1  mem_Free                              
200092c5  mem_Malloc                            
200092f1  mem_copy                              
200092dd  mem_set                               
20009a59  memalign                              
2000fdcb  memccpy                               
2000d959  memcpy                                
2000fbd1  memmove                               
2000e523  memset                                
20009795  minit                                 
20009347  osi_ContextRestore                    
20009345  osi_ContextSave                       
20009305  osi_EnterCritical                     
2000930f  osi_ExitCritical                      
20008f2b  osi_InterruptDeRegister               
20008f05  osi_InterruptRegister                 
20009035  osi_LockObjCreate                     
200090a9  osi_LockObjDelete                     
200090b9  osi_LockObjLock                       
200090e5  osi_LockObjUnlock                     
200091f9  osi_MsgQCreate                        
2000923d  osi_MsgQDelete                        
20009289  osi_MsgQRead                          
20009257  osi_MsgQWrite                         
20009321  osi_Sleep                             
2000910f  osi_Spawn                             
20009013  osi_SyncObjClear                      
20008f3d  osi_SyncObjCreate                     
20008f6d  osi_SyncObjDelete                     
20008f87  osi_SyncObjSignal                     
20008faf  osi_SyncObjSignalFromISR              
20008fe7  osi_SyncObjWait                       
2000905b  osi_TaskCreate                        
2000909b  osi_TaskDelete                        
20009331  osi_TaskDisable                       
2000933b  osi_TaskEnable                        
20009319  osi_start                             
20019630  pPingCallBackFunc                     
20004bb5  pcTaskGetTaskName                     
2000d559  portCLZ                               
20008a85  pow                                   
2000d541  prvPortStartFirstTask                 
2000f715  pvPortMalloc                          
20019590  pxCurrentTCB                          
2000c391  pxPortInitialiseStack                 
2000fa0b  raise                                 
2000994d  realloc                               
20005cab  sendPacket                            
2000f4b9  signal                                
2000bc85  sl_Accept                             
2000df85  sl_Bind                               
2000f94d  sl_Close                              
2000c5b1  sl_Connect                            
2000d9f5  sl_DevGet                             
2000f435  sl_Htonl                              
2000f629  sl_Htons                              
2000f665  sl_Listen                             
2000d619  sl_NetAppMDNSRegisterUnregisterService
2000f7bb  sl_NetAppMDNSUnRegisterService        
2000ea01  sl_NetCfgSet                          
2000e771  sl_Recv                               
2000c6b9  sl_Send                               
2000ea69  sl_SetSockOpt                         
2000ed89  sl_Socket                             
2000d3e9  sl_Start                              
2000cf51  sl_Stop                               
2000a951  sl_WlanConnect                        
2001010d  sl_WlanDisconnect                     
2000ed29  sl_WlanPolicySet                      
2000f97d  sl_WlanProfileDel                     
2000ef91  sl_WlanRxFilterSet                    
2000ead1  sl_WlanSet                            
2000f9ad  sl_WlanSetMode                        
2000e60d  spi_Close                             
2000bb39  spi_Open                              
2000cd9d  spi_Read                              
2000dde9  spi_Write                             
2000ecc9  sprintf                               
2000ffff  strchr                                
2000fbf5  strcspn                               
20010065  strlen                                
2000fae9  strspn                                
2000f4f9  strtok                                
2000c27d  strtoul                               
2000f1fd  uDMAChannelAssign                     
2000eba1  uDMAChannelAttributeDisable           
2000ec05  uDMAChannelAttributeEnable            
2000f6a1  uDMAChannelControlSet                 
2000fde9  uDMAChannelEnable                     
2000ccad  uDMAChannelTransferSet                
200080f5  ucQueueGetQueueType                   
2000d4a9  ulPortSetInterruptMask                
2000c10b  uxListRemove                          
200080d5  uxQueueGetQueueNumber                 
20008069  uxQueueMessagesWaiting                
2000809f  uxQueueMessagesWaitingFromISR         
2000807f  uxQueueSpacesAvailable                
20004ba9  uxTaskGetNumberOfTasks                
20004bd9  uxTaskGetSystemState                  
200050c9  uxTaskGetTaskNumber                   
20004725  uxTaskPriorityGet                     
20005621  uxTaskResetEventItemValue             
20005663  vApplicationIdleHook                  
20005665  vApplicationMallocFailedHook          
20005667  vApplicationStackOverflowHook         
20005659  vAssertCalled                         
2000c029  vListInitialise                       
2000c059  vListInitialiseItem                   
2000c0a5  vListInsert                           
2000c069  vListInsertEnd                        
2000d4bf  vPortClearInterruptMask               
2000c40d  vPortEndScheduler                     
2000c421  vPortEnterCritical                    
2000c439  vPortExitCritical                     
2000f735  vPortFree                             
2000d519  vPortSVCHandler                       
2000c46d  vPortSetupTimerInterrupt              
2000c40f  vPortYield                            
2000830f  vQueueAddToRegistry                   
200080b1  vQueueDelete                          
200080e3  vQueueSetQueueNumber                  
20008351  vQueueUnregisterQueue                 
2000463b  vTaskDelay                            
2000459f  vTaskDelayUntil                       
2000450f  vTaskDelete                           
20004a8d  vTaskEndScheduler                     
200050bb  vTaskMissedYield                      
20004e51  vTaskPlaceOnEventList                 
20004eb5  vTaskPlaceOnUnorderedEventList        
20005597  vTaskPriorityDisinherit               
200054dd  vTaskPriorityInherit                  
2000475d  vTaskPrioritySet                      
20004955  vTaskResume                           
200050e9  vTaskSetTaskNumber                    
2000501b  vTaskSetTimeOutState                  
20004a43  vTaskStartScheduler                   
20004861  vTaskSuspend                          
20004a9f  vTaskSuspendAll                       
20004dd1  vTaskSwitchContext                    
2000defd  vsnprintf                             
20019608  xHigherPriorityTaskWoken              
2000d4cd  xPortPendSVHandler                    
2000c3e1  xPortStartScheduler                   
2000c451  xPortSysTickHandler                   
2000839f  xQueueAddToSet                        
20007cd1  xQueueAltGenericReceive               
20007c25  xQueueAltGenericSend                  
20007af9  xQueueCreateCountingSemaphore         
20007a7b  xQueueCreateMutex                     
2000838b  xQueueCreateSet                       
20007a05  xQueueGenericCreate                   
20007e6b  xQueueGenericReceive                  
20007975  xQueueGenericReset                    
20007b19  xQueueGenericSend                     
20007dcf  xQueueGenericSendFromISR              
200082ab  xQueueIsQueueEmptyFromISR             
200082ed  xQueueIsQueueFullFromISR              
20008025  xQueuePeekFromISR                     
20007fad  xQueueReceiveFromISR                  
200192f4  xQueueRegistry                        
200083d3  xQueueRemoveFromSet                   
20008415  xQueueSelectFromSet                   
2000842f  xQueueSelectFromSetFromISR            
2001960c  xSimpleLinkSpawnQueue                 
20019610  xSimpleLinkSpawnTaskHndl              
20005041  xTaskCheckForTimeOut                  
20004401  xTaskGenericCreate                    
20005491  xTaskGetCurrentTaskHandle             
20004c97  xTaskGetIdleTaskHandle                
200054a5  xTaskGetSchedulerState                
20004b7d  xTaskGetTickCount                     
20004b91  xTaskGetTickCountFromISR              
20004cb5  xTaskIncrementTick                    
20004f25  xTaskRemoveFromEventList              
20004fad  xTaskRemoveFromUnorderedEventList     
20004ab1  xTaskResumeAll                        
200049c9  xTaskResumeFromISR                    


GLOBAL SYMBOLS: SORTED BY Symbol Address 

address   name                                  
-------   ----                                  
00001000  __STACK_SIZE                          
00002000  __SYSMEM_SIZE                         
20004000  g_pfnVectors                          
20004401  xTaskGenericCreate                    
2000450f  vTaskDelete                           
2000459f  vTaskDelayUntil                       
2000463b  vTaskDelay                            
20004691  eTaskGetState                         
20004725  uxTaskPriorityGet                     
2000475d  vTaskPrioritySet                      
20004861  vTaskSuspend                          
20004955  vTaskResume                           
200049c9  xTaskResumeFromISR                    
20004a43  vTaskStartScheduler                   
20004a8d  vTaskEndScheduler                     
20004a9f  vTaskSuspendAll                       
20004ab1  xTaskResumeAll                        
20004b7d  xTaskGetTickCount                     
20004b91  xTaskGetTickCountFromISR              
20004ba9  uxTaskGetNumberOfTasks                
20004bb5  pcTaskGetTaskName                     
20004bd9  uxTaskGetSystemState                  
20004c97  xTaskGetIdleTaskHandle                
20004cb5  xTaskIncrementTick                    
20004dd1  vTaskSwitchContext                    
20004e51  vTaskPlaceOnEventList                 
20004eb5  vTaskPlaceOnUnorderedEventList        
20004f25  xTaskRemoveFromEventList              
20004fad  xTaskRemoveFromUnorderedEventList     
2000501b  vTaskSetTimeOutState                  
20005041  xTaskCheckForTimeOut                  
200050bb  vTaskMissedYield                      
200050c9  uxTaskGetTaskNumber                   
200050e9  vTaskSetTaskNumber                    
20005491  xTaskGetCurrentTaskHandle             
200054a5  xTaskGetSchedulerState                
200054dd  vTaskPriorityInherit                  
20005597  vTaskPriorityDisinherit               
20005621  uxTaskResetEventItemValue             
20005659  vAssertCalled                         
20005663  vApplicationIdleHook                  
20005665  vApplicationMallocFailedHook          
20005667  vApplicationStackOverflowHook         
20005671  SimpleLinkWlanEventHandler            
20005779  SimpleLinkNetAppEventHandler          
20005811  SimpleLinkHttpServerCallback          
20005839  SimpleLinkGeneralEventHandler         
2000584f  SimpleLinkSockEventHandler            
2000589d  SendThread                            
20005b95  BsdTcpClient                          
20005cab  sendPacket                            
20005d49  BsdTcpServer                          
20006399  IpAddressParser                       
200064fb  WlanStationMode                       
200065d3  CollectTmp                            
200065e9  CollectAcc                            
20006615  main                                  
2000766b  __TI_printfi                          
20007975  xQueueGenericReset                    
20007a05  xQueueGenericCreate                   
20007a7b  xQueueCreateMutex                     
20007af9  xQueueCreateCountingSemaphore         
20007b19  xQueueGenericSend                     
20007c25  xQueueAltGenericSend                  
20007cd1  xQueueAltGenericReceive               
20007dcf  xQueueGenericSendFromISR              
20007e6b  xQueueGenericReceive                  
20007fad  xQueueReceiveFromISR                  
20008025  xQueuePeekFromISR                     
20008069  uxQueueMessagesWaiting                
2000807f  uxQueueSpacesAvailable                
2000809f  uxQueueMessagesWaitingFromISR         
200080b1  vQueueDelete                          
200080d5  uxQueueGetQueueNumber                 
200080e3  vQueueSetQueueNumber                  
200080f5  ucQueueGetQueueType                   
200082ab  xQueueIsQueueEmptyFromISR             
200082ed  xQueueIsQueueFullFromISR              
2000830f  vQueueAddToRegistry                   
20008351  vQueueUnregisterQueue                 
2000838b  xQueueCreateSet                       
2000839f  xQueueAddToSet                        
200083d3  xQueueRemoveFromSet                   
20008415  xQueueSelectFromSet                   
2000842f  xQueueSelectFromSetFromISR            
20008499  _SlDrvMsgRead                         
20008a85  pow                                   
20008f05  osi_InterruptRegister                 
20008f2b  osi_InterruptDeRegister               
20008f3d  osi_SyncObjCreate                     
20008f6d  osi_SyncObjDelete                     
20008f87  osi_SyncObjSignal                     
20008faf  osi_SyncObjSignalFromISR              
20008fe7  osi_SyncObjWait                       
20009013  osi_SyncObjClear                      
20009035  osi_LockObjCreate                     
2000905b  osi_TaskCreate                        
2000909b  osi_TaskDelete                        
200090a9  osi_LockObjDelete                     
200090b9  osi_LockObjLock                       
200090e5  osi_LockObjUnlock                     
2000910f  osi_Spawn                             
2000917d  VStartSimpleLinkSpawnTask             
200091cd  VDeleteSimpleLinkSpawnTask            
200091f9  osi_MsgQCreate                        
2000923d  osi_MsgQDelete                        
20009257  osi_MsgQWrite                         
20009289  osi_MsgQRead                          
200092c5  mem_Malloc                            
200092d1  mem_Free                              
200092dd  mem_set                               
200092f1  mem_copy                              
20009305  osi_EnterCritical                     
2000930f  osi_ExitCritical                      
20009319  osi_start                             
20009321  osi_Sleep                             
20009331  osi_TaskDisable                       
2000933b  osi_TaskEnable                        
20009345  osi_ContextSave                       
20009347  osi_ContextRestore                    
200093a1  TMP006DrvOpen                         
20009639  TMP006DrvGetTemp                      
20009795  minit                                 
20009823  malloc                                
2000988b  free                                  
2000994d  realloc                               
20009a59  memalign                              
20009b3d  calloc                                
20009bad  GPIO_IF_LedConfigure                  
20009beb  GPIO_IF_LedOn                         
20009c9f  GPIO_IF_LedOff                        
20009d53  GPIO_IF_LedStatus                     
20009dbd  GPIO_IF_LedToggle                     
20009deb  GPIO_IF_GetPortNPin                   
20009e31  GPIO_IF_ConfigureNIntEnable           
20009e73  GPIO_IF_Set                           
20009ead  GPIO_IF_Get                           
20009f05  _Log                                  
2000a25d  I2C_IF_Write                          
2000a313  I2C_IF_Read                           
2000a3cf  I2C_IF_ReadFrom                       
2000a419  I2C_IF_Open                           
2000a461  I2C_IF_Close                          
2000a479  InitTerm                              
2000a497  Message                               
2000a4b9  ClearTerm                             
2000a4c3  Error                                 
2000a4fb  GetCmd                                
2000a5b1  TrimSpace                             
2000a649  Report                                
2000a709  _SlDrvRxHdrRead                       
2000a951  sl_WlanConnect                        
2000ab95  _Exp                                  
2000ad91  __aeabi_uldivmod                      
2000af85  GetRegisterValue                      
2000afaf  SetRegisterValue                      
2000afe9  BlockRead                             
2000b01f  BMA222Open                            
2000b041  BMA222Close                           
2000b045  BMA222Read                            
2000b0c1  BMA222ReadNew                         
2000b171  _SlDrvReleasePoolObj                  
2000b341  _SlDrvMsgWrite                        
2000b50d  __aeabi_dsub                          
2000b517  __aeabi_dadd                          
2000b6c5  _SlDrvWaitForPoolObj                  
2000b855  _SlDrvDriverCBInit                    
2000b9c9  _SlFindAndSetActiveObj                
2000bb39  spi_Open                              
2000bc85  sl_Accept                             
2000bdbd  __aeabi_ddiv                          
2000bef5  PRCMCC3200MCUInit                     
2000c029  vListInitialise                       
2000c059  vListInitialiseItem                   
2000c069  vListInsertEnd                        
2000c0a5  vListInsert                           
2000c10b  uxListRemove                          
2000c155  _SlDrvDataReadOp                      
2000c27d  strtoul                               
2000c391  pxPortInitialiseStack                 
2000c3e1  xPortStartScheduler                   
2000c40d  vPortEndScheduler                     
2000c40f  vPortYield                            
2000c421  vPortEnterCritical                    
2000c439  vPortExitCritical                     
2000c451  xPortSysTickHandler                   
2000c46d  vPortSetupTimerInterrupt              
2000c4a1  _Dscale                               
2000c5b1  sl_Connect                            
2000c6b9  sl_Send                               
2000c7c1  _SlDrvDataWriteOp                     
2000c8c5  _SlDrvNetAppEventHandler              
2000c9c3  __aeabi_dmul                          
2000cabf  __aeabi_fsub                          
2000cac3  __aeabi_fadd                          
2000cbb9  _SlDrvDriverCBDeinit                  
2000ccad  uDMAChannelTransferSet                
2000cd9d  spi_Read                              
2000ce79  _SlDrvClassifyRxMsg                   
2000cf51  sl_Stop                               
2000d025  _sl_HandleAsync_DnsGetHostByService   
2000d0ed  _SlRemoveFromList                     
2000d1ad  _Dint                                 
2000d26d  _Dnorm                                
2000d32d  _SlDrvMsgReadCmdCtx                   
2000d3e9  sl_Start                              
2000d4a9  ulPortSetInterruptMask                
2000d4bf  vPortClearInterruptMask               
2000d4cd  xPortPendSVHandler                    
2000d519  vPortSVCHandler                       
2000d541  prvPortStartFirstTask                 
2000d559  portCLZ                               
2000d561  _SlAsyncEventGenericHandler           
2000d619  sl_NetAppMDNSRegisterUnregisterService
2000d6cd  IntDisable                            
2000d775  IntEnable                             
2000d81d  SPIConfigSetExpClk                    
2000d8bd  _SlDrvMsgReadSpawnCtx                 
2000d959  __aeabi_memcpy                        
2000d959  __aeabi_memcpy4                       
2000d959  __aeabi_memcpy8                       
2000d959  memcpy                                
2000d9f5  sl_DevGet                             
2000da91  PRCMPeripheralClockGet                
2000db25  __aeabi_fdiv                          
2000dcd1  _sl_HandleAsync_DnsGetHostByName      
2000dd5d  _sl_HandleAsync_PingResponse          
2000dde9  spi_Write                             
2000de75  PinConfigSet                          
2000defd  vsnprintf                             
2000df85  sl_Bind                               
2000e00d  __aeabi_cdcmpeq                       
2000e00d  __aeabi_cdcmple                       
2000e093  __aeabi_cdrcmple                      
2000e119  I2CMasterInitExpClk                   
2000e19d  NwpPowerOnPreamble                    
2000e221  GPIOIntTypeSet                        
2000e2a5  _SlDrvCmdOp                           
2000e425  _sl_HandleAsync_InitComplete          
2000e4a1  __aeabi_fmul                          
2000e51b  __aeabi_memclr                        
2000e51b  __aeabi_memclr4                       
2000e51b  __aeabi_memclr8                       
2000e51d  __aeabi_memset                        
2000e51d  __aeabi_memset4                       
2000e51d  __aeabi_memset8                       
2000e523  memset                                
2000e595  _sl_HandleAsync_Connect               
2000e60d  spi_Close                             
2000e685  UARTConfigSetExpClk                   
2000e6fd  PinMuxConfig                          
2000e771  sl_Recv                               
2000e7e5  __aeabi_d2f                           
2000e855  _SlDrvCmdSend                         
2000e8c1  __TI_auto_init                        
2000e999  _sl_NetAppSendTokenValue              
2000ea01  sl_NetCfgSet                          
2000ea69  sl_SetSockOpt                         
2000ead1  sl_WlanSet                            
2000eb39  _Dunscale                             
2000eba1  uDMAChannelAttributeDisable           
2000ec05  uDMAChannelAttributeEnable            
2000ec69  _sl_HandleAsync_Accept                
2000ecc9  sprintf                               
2000ed29  sl_WlanPolicySet                      
2000ed89  sl_Socket                             
2000ede5  IntPendClear                          
2000ee3d  PRCMPeripheralReset                   
2000ee95  IntPrioritySet                        
2000eee9  _sl_HandleAsync_Select                
2000ef3d  ltoa                                  
2000ef91  sl_WlanRxFilterSet                    
2000efe5  _sl_HandleAsync_Stop                  
2000f035  SPIIntEnable                          
2000f081  _SlDrvProtectAsyncRespSetting         
2000f0cd  _SlDrvRxIrqHandler                    
2000f119  _sl_BuildAddress                      
2000f165  atoi                                  
2000f1b1  copy_in                               
2000f1fd  uDMAChannelAssign                     
2000f249  SPIIntClear                           
2000f291  _SlDrvBasicCmd                        
2000f2d9  __aeabi_d2iz                          
2000f321  ldexp                                 
2000f3f1  C$$EXIT                               
2000f3f5  abort                                 
2000f3fd  exit                                  
2000f435  sl_Htonl                              
2000f479  PinModeSet                            
2000f4b9  signal                                
2000f4f9  strtok                                
2000f539  CopyPingResultsToReport               
2000f575  PRCMPeripheralClkEnable               
2000f5b1  _sl_TruncatePayloadByProtocol         
2000f5ed  _c_int00                              
2000f629  sl_Htons                              
2000f665  sl_Listen                             
2000f6a1  uDMAChannelControlSet                 
2000f6dd  NwpPowerOff                           
2000f715  pvPortMalloc                          
2000f735  vPortFree                             
2000f74d  __aeabi_f2d                           
2000f785  GPIODirModeSet                        
2000f7bb  sl_NetAppMDNSUnRegisterService        
2000f7f1  PRCMPeripheralStatusGet               
2000f825  SPIFIFOLevelSet                       
2000f859  feraiseexcept                         
2000f88d  PinTypeGPIO                           
2000f8bd  UARTDisable                           
2000f8ed  _SlDrvDeviceEventHandler              
2000f91d  _Feraise                              
2000f94d  sl_Close                              
2000f97d  sl_WlanProfileDel                     
2000f9ad  sl_WlanSetMode                        
2000f9dd  __aeabi_i2d                           
2000fa0b  raise                                 
2000fa39  DmaSpiSwIntHandler                    
2000fa65  I2CMasterErr                          
2000fa91  NwpPowerOn                            
2000fabd  PRCMSysResetCauseGet                  
2000fae9  strspn                                
2000fb15  PRCMPeripheralClkDisable              
2000fb3d  NwpRegisterInterruptHandler           
2000fb65  IntUnregister                         
2000fb89  UARTEnable                            
2000fbad  _SlDrvProtectionObjLockWaitForever    
2000fbd1  memmove                               
2000fbf5  strcspn                               
2000fc19  I2CMasterSlaveAddrSet                 
2000fc3b  SPIReset                              
2000fc5d  SPIWordCountSet                       
2000fc7f  frexp                                 
2000fca1  GPIOPinWrite                          
2000fcc1  IntRegister                           
2000fce1  _SlDrvProtectionObjUnLock             
2000fd01  I2CMasterIntStatusEx                  
2000fd1f  UARTCharPut                           
2000fd5b  PinTypeI2C                            
2000fd77  UARTCharGetNonBlocking                
2000fd93  _SlDrvObjLockWaitForever              
2000fdaf  _SlDrvSyncObjWaitForever              
2000fdcb  memccpy                               
2000fde9  uDMAChannelEnable                     
2000fe05  GPIOIntEnable                         
2000fe1f  PinTypeUART                           
2000fe39  SPIDmaDisable                         
2000fe53  SPIDmaEnable                          
2000fe6d  SPIFIFODisable                        
2000fe87  SPIFIFOEnable                         
2000fea1  GPIOPinRead                           
2000feb9  SPICSDisable                          
2000fed1  SPICSEnable                           
2000fee9  SPIDisable                            
2000ff01  SPIEnable                             
2000ff19  UARTCharsAvail                        
2000ff31  _SlDrvObjUnLock                       
2000ff49  _SlDrvSyncObjSignal                   
2000ff61  _sl_GetStartResponseConvert           
2000ff79  _args_main                            
2000ff91  I2CMasterDataPut                      
2000ffa7  I2CMasterEnable                       
2000ffbd  PRCMHIBRegRead                        
2000ffd3  PRCMHIBRegWrite                       
2000ffe9  _SlDrvMemZero                         
2000ffff  strchr                                
20010015  CPUcpsie                              
20010029  GPIOIntClear                          
2001003d  IntVTableBaseSet                      
20010051  _register_unlock                      
20010057  _register_lock                        
2001005f  _nop                                  
20010065  strlen                                
20010079  I2CMasterControl                      
2001008b  I2CMasterIntClearEx                   
2001009d  I2CMasterTimeoutSet                   
200100af  I2CMasterDataGet                      
200100bd  _SlDrvResetCmdExt                     
200100cb  __TI_decompress_none                  
200100d9  ResetISR                              
200100e9  NwpMaskInterrupt                      
200100f5  NwpUnMaskInterrupt                    
20010101  __TI_zero_init                        
2001010d  sl_WlanDisconnect                     
20010119  IntMasterEnable                       
20010123  UtilsDelay                            
20010129  __TI_decompress_rle24                 
2001012f  log                                   
20010135  _system_pre_init                      
20010138  _ctypes_                              
20010630  OpcodeTranslateTable                  
2001066c  _SlPolicySetCmdCtrl                   
20010670  _SlPolicyGetCmdCtrl                   
20010674  _SlProfileGetCmdCtrl                  
20010678  _SlProfileDelCmdCtrl                  
2001067c  _SlWlanGetNetworkListCtrl             
20010680  _SlRxFilterAddtCmdCtrl                
20010684  _SlRxFilterSetCmdCtrl                 
20010688  _SlRxFilterGetCmdCtrl                 
2001068c  _SlSmartConfigStartCmdCtrl            
20010690  _SlWlanSetModeCmdCtrl                 
20010694  _SlWlanCfgSetCmdCtrl                  
20010698  _SlWlanCfgGetCmdCtrl                  
200106a8  _SlActionLookupTable                  
20010718  g_H2NSyncPattern                      
20010720  g_H2NCnysPattern                      
20010728  RxMsgClassLUT                         
2001074c  _SlSockSocketCmdCtrl                  
20010750  _SlSockCloseCmdCtrl                   
20010754  _SlRecvfomCmdCtrl                     
20010758  _SlSendCmdCtrl                        
2001075c  _SlListenCmdCtrl                      
20010760  _SlAcceptCmdCtrl                      
20010764  _SlRecvCmdCtrl                        
20010768  _SlSetSockOptCmdCtrl                  
2001076c  _SlGetSockOptCmdCtrl                  
20010770  _SlSelectCmdCtrl                      
20010808  _SlNetAppStartCtrl                    
2001080c  _SlNetAppStopCtrl                     
20010810  _SlGetServiceListeCtrl                
20010814  _SlRegisterServiceCtrl                
20010818  _SlGetHostByServiceCtrl               
2001081c  _SlGetHostByNameCtrl                  
20010820  _SlNetAppSetCmdCtrl                   
20010824  _SlNetAppSendTokenValueCmdCtrl        
20010828  _SlNetAppGetCmdCtrl                   
2001088c  _SlStopCmdCtrl                        
20010890  _SlEventMaskSetCmdCtrl                
20010894  _SlEventMaskGetCmdCtrl                
20010898  _SlDeviceGetCmdCtrl                   
2001089c  _SlDeviceSetCmdCtrl                   
200108a0  _SlPayloadByProtocolLUT               
200108b0  StartResponseLUT                      
200108b8  _SlNetCfgSetCmdCtrl                   
200108bc  _SlNetCfgGetCmdCtrl                   
200108c0  __TI_static_base__                    
20010964  __TI_Handler_Table_Base               
20010970  __TI_Handler_Table_Limit              
20010978  __TI_CINIT_Base                       
20010988  __TI_CINIT_Limit                      
20017000  _sys_memory                           
20019000  g_StatMem                             
20019240  g_cBsdBuf                             
200192a4  g_ucDinDout                           
200192f4  xQueueRegistry                        
20019344  g_ucConnectionSSID                    
200193cc  g_ucConnectionBSSID                   
200193d4  DMAMsgQ                               
200193dc  g_cDummy                              
200193e0  g_sockID                              
200193e4  g_temp                                
200193f0  RxIrqCnt                              
200193f1  g_cAccX                               
200193f2  g_cAccY                               
200193f3  g_cAccZ                               
200193f4  g_ucLED1Pin                           
200193f5  g_ucLED2Pin                           
200193f6  g_ucLED3Pin                           
200194a8  _Denorm                               
200194b8  _Eps                                  
200194c8  _Hugeval                              
200194d8  _Inf                                  
200194e8  _Nan                                  
200194f8  _Snan                                 
20019508  _Rteps                                
20019518  _Xbig                                 
20019520  _Zero                                 
20019528  _FDenorm                              
20019538  _FEps                                 
20019548  _FInf                                 
20019558  _FNan                                 
20019568  _FSnan                                
20019578  _FRteps                               
20019588  _FXbig                                
2001958c  _FZero                                
20019590  pxCurrentTCB                          
200195c4  g_ulStatus                            
200195c8  g_ulPingPacketsRecv                   
200195cc  g_ulGatewayIP                         
200195d0  g_ulDestinationIp                     
200195d4  g_uiPortNum                           
200195d8  g_ulPacketCount                       
200195dc  g_ucConnectionStatus                  
200195dd  g_ucSimplelinkstarted                 
200195e0  g_ulIpAddr                            
200195e4  connect_flag                          
200195fc  g_uiLED1Port                          
20019600  g_uiLED2Port                          
20019604  g_uiLED3Port                          
20019608  xHigherPriorityTaskWoken              
2001960c  xSimpleLinkSpawnQueue                 
20019610  xSimpleLinkSpawnTaskHndl              
20019620  g_SpiFd                               
20019624  g_pHostIntHdl                         
20019628  g_ucDMAEnabled                        
2001962c  g_pCB                                 
20019630  pPingCallBackFunc                     
20019634  gFirstCmdMode                         
20019638  _lock                                 
2001963c  _unlock                               
20019640  __TI_cleanup_ptr                      
20019644  __TI_dtors_ptr                        
20019648  _Fenv                                 
2001964c  _Tls_setup__Fenv                      
20019654  _Errno                                
20019658  main_func_sp                          
2002f000  __stack                               
20030000  __STACK_END                           
ffffffff  __binit__                             
ffffffff  __c_args__                            
ffffffff  binit                                 
UNDEFED   SHT$$INIT_ARRAY$$Base                 
UNDEFED   SHT$$INIT_ARRAY$$Limit                

[512 symbols]
